[2m  ● 1 question for you  ● 1 build failing                                                                                                          2 building · 1 shipped today · 412k tokens · ~$6.18  [0m
[2m⏸ FX parked at spec — p resumes[0m
[2mshipping order: — · builders 1/4 busy · ideas 0 · questions 1                                                                                                  ┌──────────────────────────────────────┐[0m
[2mMAP · quiet · a full map                                                                                                                                       │  FOCUS                               │[0m
[2m             ▸CA            GH            FX            FX                                                                                                     │                                      │[0m
[2m             create a      issue         flaky e2e     dark-mode                                                                                               │ DECISION QUEUE                       │[0m
[2m             repo for      importer —    fix —         audit                                                                                                   │ ▶ [1] CA brainstorm — Should creati… │[0m
[2m             ca-repo       gh-importer   fx-e2e        fx-dark                                                                                                 └──────────────────────────────────────┘[0m
[2mBRAINSTORM   ◔ need-you    ●             ●             ●                                                                                                                                               [0m
[2mSPEC         ○             ●             ●             ⏸ paused                                                                                                                                        [0m
[2mPLAN         ○             ●             ●             ○                                                                                                                                               [0m
[2mEXECUTE      ○             ◐ working 96k ✕ failed      ○                                                                                                                                               [0m
[2mCORRECTNESS… ○             ○             ○             ○                                                                                                                                               [0m
[2mCL[0m[38;2;187;154;247m┌──────────────────────────────────────────────────────────────────────────────────────────────────────────────────────────────────────────────────────────────────────────────────────────────────┐[0m[2m [0m
[2mLI[0m[38;2;187;154;247m│[0m [1;38;2;227;236;255;48;2;31;35;52m DECISION 1 · CA brainstorm[0m[38;2;86;95;137;48;2;31;35;52m [38;2;158;206;105;48;2;31;35;52m↺ Cheap to change until others clone the remote o…[0m[0m[48;2;31;35;52m                                                                                                     [0m[1;38;2;22;22;30;48;2;187;154;247m esc dismiss [0m [38;2;187;154;247m│[0m[2m [0m
[2mME[0m[38;2;187;154;247m│[0m                                                                                                                                                                                                  [38;2;187;154;247m│[0m[2m [0m
[2m[0m  [38;2;187;154;247m│[0m task · Create a local repository and decide whether to publish it for collaboration.                                                                                                             [38;2;187;154;247m│[0m[2m[0m
[2mSH[0m[38;2;187;154;247m│[0m agent · Repository Context Preservation Specialist · deep forest green · 🧭                                                                                                                      [38;2;187;154;247m│[0m[2m[0m
[2m⇡ [0m[38;2;187;154;247m│[0m                                                                                                                                                                                                  [38;2;187;154;247m│[0m[2m[0m
[2m[0m  [38;2;187;154;247m│[0m Should creating the repo mean just local version control, or also a hosted remote (GitHub) pushed from day one?                                                                                  [38;2;187;154;247m│[0m[2m[0m
[2mPA[0m[38;2;187;154;247m│[0m [38;2;86;95;137mwhy · The issue is numbered GH-1, suggesting GitHub is the intended home, and a remote gives backup and collaboration from day one.[0m                                                              [38;2;187;154;247m│[0m[2m[0m
[2m⏸ [0m[38;2;187;154;247m│[0m                                                                                                                                                                                                  [38;2;187;154;247m│[0m[2m[0m
[2m[0m  [38;2;187;154;247m│[0m [38;2;187;154;247m╭──────────────────────────────────────────────────────────────────────────────────────────────────────────────────────────────────────────────────────────────────────────────────────────────╮[0m [38;2;187;154;247m│[0m[2m[0m
[2m  [0m[38;2;187;154;247m│[0m [38;2;187;154;247m│[0m [38;2;187;154;247m◉[0m [38;2;227;236;255mLocal git repo plus a hosted GitHub remote, pushed[0m [38;2;224;175;104m★[0m                                                                                                                                       [38;2;187;154;247m│[0m [38;2;187;154;247m│[0m[2m  [0m
[2m[0m  [38;2;187;154;247m│[0m [38;2;187;154;247m│[0m   [38;2;86;95;137mThe project is immediately backed up and shareable, but requires GitHub credentials and picking an owner/name now[0m                                                                          [38;2;187;154;247m│[0m [38;2;187;154;247m│[0m[2m[0m
[2m[0m  [38;2;187;154;247m│[0m [38;2;187;154;247m╰──────────────────────────────────────────────────────────────────────────────────────────────────────────────────────────────────────────────────────────────────────────────────────────────╯[0m [38;2;187;154;247m│[0m[2m[0m
[2m[0m  [38;2;187;154;247m│[0m [38;2;59;65;97m╭──────────────────────────────────────────────────────────────────────────────────────────────────────────────────────────────────────────────────────────────────────────────────────────────╮[0m [38;2;187;154;247m│[0m[2m[0m
[2m[0m  [38;2;187;154;247m│[0m [38;2;59;65;97m│[0m [38;2;59;65;97m○[0m [38;2;192;202;245mLocal git repo only, add a remote later[0m                                                                                                                                                    [38;2;59;65;97m│[0m [38;2;187;154;247m│[0m[2m[0m
[2m[0m  [38;2;187;154;247m│[0m [38;2;59;65;97m│[0m   [38;2;86;95;137mSimpler setup with nothing published, but work stays only on this machine until a remote is added[0m                                                                                          [38;2;59;65;97m│[0m [38;2;187;154;247m│[0m[2m[0m
[2m[0m  [38;2;187;154;247m│[0m [38;2;59;65;97m╰──────────────────────────────────────────────────────────────────────────────────────────────────────────────────────────────────────────────────────────────────────────────────────────────╯[0m [38;2;187;154;247m│[0m[2m[0m
[2m[0m  [38;2;187;154;247m│[0m [38;2;59;65;97m╭──────────────────────────────────────────────────────────────────────────────────────────────────────────────────────────────────────────────────────────────────────────────────────────────╮[0m [38;2;187;154;247m│[0m[2m[0m
[2m[0m  [38;2;187;154;247m│[0m [38;2;59;65;97m│[0m [38;2;59;65;97m○[0m [38;2;192;202;245mAdd note...[0m                                                                                                                                                                                [38;2;59;65;97m│[0m [38;2;187;154;247m│[0m[2m[0m
[2m[0m  [38;2;187;154;247m│[0m [38;2;59;65;97m│[0m   [38;2;86;95;137msend feedback instead of selecting an option[0m                                                                                                                                               [38;2;59;65;97m│[0m [38;2;187;154;247m│[0m[2m[0m
[2m[0m  [38;2;187;154;247m│[0m [38;2;59;65;97m╰──────────────────────────────────────────────────────────────────────────────────────────────────────────────────────────────────────────────────────────────────────────────────────────────╯[0m [38;2;187;154;247m│[0m[2m[0m
[2m[0m  [38;2;187;154;247m│[0m                                                                                                                                                                                                  [38;2;187;154;247m│[0m[2m[0m
[2m[0m  [38;2;187;154;247m│[0m [48;2;40;46;65m [0m[38;2;227;236;255;48;2;40;46;65mj/k[0m[48;2;40;46;65m [0m[38;2;86;95;137m choose  [0m[48;2;40;46;65m [0m[38;2;227;236;255;48;2;40;46;65menter[0m[48;2;40;46;65m [0m[38;2;86;95;137m select  [0m[48;2;40;46;65m [0m[38;2;227;236;255;48;2;40;46;65my[0m[48;2;40;46;65m [0m[38;2;86;95;137m accept ★  [0m[48;2;40;46;65m [0m[38;2;227;236;255;48;2;40;46;65mo[0m[48;2;40;46;65m [0m[38;2;86;95;137m evidence  [0m[48;2;40;46;65m [0m[38;2;227;236;255;48;2;40;46;65m1..9[0m[48;2;40;46;65m [0m[38;2;86;95;137m by number  [0m[48;2;40;46;65m [0m[38;2;227;236;255;48;2;40;46;65mesc[0m[48;2;40;46;65m [0m[38;2;86;95;137m dismiss[0m                                                                                                        [38;2;187;154;247m│[0m[2m[0m
[2m[0m  [38;2;187;154;247m└──────────────────────────────────────────────────────────────────────────────────────────────────────────────────────────────────────────────────────────────────────────────────────────────────┘[0m[2m[0m
[2m[0m
[2m[0m
[2m[0m
[2m[0m
[2m[0m
[2m[0m
[2m[0m
[2m[0m
[2m[0m
[2m[0m
[2m[0m
[2m[0m
[2m[0m