[38;2;224;108;117m●[0m 1 build failing, 1 question for you — 2 building, 1 shipped today, 412k tokens, ~$6.18
                                                                                                    
DECISIONS · worst first · enter open · esc back
[38;2;187;154;247m▸ [1] CA brainstorm · Should creating the repo mean just local version control, or also a hosted re…[0m

j/k select · enter open · esc back · q quit