[2m  ● 1 question for you  ● 1 build failing                                                                                                          2 building · 1 shipped today · 412k tokens · ~$6.18  [0m
[2m⏸ FX parked at spec — p resumes[0m
[2mshipping order: — · builders 1/4 busy · ideas 0 · questions 1                                                                                                  ┌──────────────────────────────────────┐[0m
[2mMAP · quiet · a full map                                                                                                                                       │  FOCUS                               │[0m
[2m             ▸CA            GH            FX            FX                                                                                                     │                                      │[0m
[2m             create a      issue         flaky e2e     dark-mode                                                                                               │ DECISION QUEUE                       │[0m
[2m             repo for      importer —    fix —         audit                                                                                                   │ ▶ [1] CA brainstorm — Should creati… │[0m
[2m             ca-repo       gh-importer   fx-e2e        fx-dark                                                                                                 └──────────────────────────────────────┘[0m
[2mBRAINSTORM   ◔ need-you    ●             ●             ●                                                                                                                                               [0m
[2mSPEC         ○             ●             ●           [0m[38;2;187;154;247m┌───────────────────────────────────────────────────────────────────────────────────────────┐[0m[2m                                                     [0m
[2mPLAN         ○             ●             ●           [0m[38;2;187;154;247m│[0m [1;38;2;227;236;255;48;2;31;35;52m help[0m[38;2;86;95;137;48;2;31;35;52m every key in the control room[0m[48;2;31;35;52m                                           [0m[1;38;2;22;22;30;48;2;187;154;247m esc close [0m [38;2;187;154;247m│[0m[2m                                                     [0m
[2mEXECUTE      ○             ◐ working 96k ✕ failed    [0m[38;2;187;154;247m│[0m                                                                                           [38;2;187;154;247m│[0m[2m                                                     [0m
[2mCORRECTNESS… ○             ○             ○           [0m[38;2;187;154;247m│[0m [1;38;2;121;162;247mNAVIGATION[0m                           [1;38;2;121;162;247mDOORS[0m                                                [38;2;187;154;247m│[0m[2m                                                     [0m
[2mCLEAN-CODE-… ○             ○             ○           [0m[38;2;187;154;247m│[0m [1;38;2;187;154;247mj / k[0m   [38;2;192;202;245mfloors[0m                       [1;38;2;187;154;247md[0m       [38;2;192;202;245mdecisions[0m                                    [38;2;187;154;247m│[0m[2m                                                     [0m
[2mLIBRARIAN    ○             ○             ○           [0m[38;2;187;154;247m│[0m [1;38;2;187;154;247mh / l[0m   [38;2;192;202;245mcards[0m                        [1;38;2;187;154;247mt[0m       [38;2;192;202;245mtriage[0m                                       [38;2;187;154;247m│[0m[2m                                                     [0m
[2mMERGE-VERIF… ○             ○             ○           [0m[38;2;187;154;247m│[0m [1;38;2;187;154;247m1..9[0m    [38;2;192;202;245mfocus issue[0m                  [1;38;2;187;154;247me[0m       [38;2;192;202;245mtimeline[0m                                     [38;2;187;154;247m│[0m[2m                                                     [0m
[2m[0m                                                     [38;2;187;154;247m│[0m [1;38;2;187;154;247mtab[0m     [38;2;192;202;245mattention / next field[0m       [1;38;2;187;154;247mT[0m       [38;2;192;202;245mstream[0m                                       [38;2;187;154;247m│[0m[2m[0m
[2mSHIPPED today[0m                                        [38;2;187;154;247m│[0m [1;38;2;187;154;247mg[0m       [38;2;192;202;245mwar room[0m                     [1;38;2;187;154;247mr[0m       [38;2;192;202;245mreject tray item[0m                             [38;2;187;154;247m│[0m[2m[0m
[2m⇡ ▓ ML retry budget for marshal[0m                      [38;2;187;154;247m│[0m [1;38;2;187;154;247menter[0m   [38;2;192;202;245mopen artifacts[0m               [1;38;2;187;154;247ma / A[0m   [38;2;192;202;245marchitecture pane / map[0m                      [38;2;187;154;247m│[0m[2m[0m
[2m[0m                                                     [38;2;187;154;247m│[0m [1;38;2;187;154;247mf[0m       [38;2;192;202;245msetup inspector[0m                                                                   [38;2;187;154;247m│[0m[2m[0m
[2mPARKED[0m                                               [38;2;187;154;247m│[0m [1;38;2;187;154;247mesc[0m     [38;2;192;202;245mback[0m                         [1;38;2;121;162;247mDECISIONS[0m                                            [38;2;187;154;247m│[0m[2m[0m
[2m⏸ ▓ FX dark-mode audit[0m                               [38;2;187;154;247m│[0m [1;38;2;187;154;247mz[0m       [38;2;192;202;245mrows / tower layout[0m          [1;38;2;187;154;247my[0m       [38;2;192;202;245maccept recommendation[0m                        [38;2;187;154;247m│[0m[2m[0m
[2m[0m                                                     [38;2;187;154;247m│[0m                                      [1;38;2;187;154;247mn[0m       [38;2;192;202;245mchoose option[0m                                [38;2;187;154;247m│[0m[2m[0m
[2m   j/k  floors   tab  next   p  pause/resume   x  kil[0m[38;2;187;154;247m│[0m [1;38;2;121;162;247mCONTROL[0m                              [1;38;2;187;154;247mo[0m       [38;2;192;202;245mshow evidence[0m                                [38;2;187;154;247m│[0m[2m                                                      [0m
[2m[0m                                                     [38;2;187;154;247m│[0m [1;38;2;187;154;247mp[0m       [38;2;192;202;245mpause / resume[0m               [1;38;2;187;154;247m1..9[0m    [38;2;192;202;245mchoose option by number[0m                      [38;2;187;154;247m│[0m[2m[0m
[2m[0m                                                     [38;2;187;154;247m│[0m [1;38;2;187;154;247mx[0m       [38;2;192;202;245mkill stage[0m                                                                        [38;2;187;154;247m│[0m[2m[0m
[2m[0m                                                     [38;2;187;154;247m│[0m [1;38;2;187;154;247mX[0m       [38;2;192;202;245mabandon lane[0m                                                                      [38;2;187;154;247m│[0m[2m[0m
[2m[0m                                                     [38;2;187;154;247m│[0m [1;38;2;187;154;247mR[0m       [38;2;192;202;245mretry failed stage[0m                                                                [38;2;187;154;247m│[0m[2m[0m
[2m[0m                                                     [38;2;187;154;247m│[0m [1;38;2;187;154;247mL[0m       [38;2;192;202;245mlever editor[0m                                                                      [38;2;187;154;247m│[0m[2m[0m
[2m[0m                                                     [38;2;187;154;247m│[0m [1;38;2;187;154;247mn[0m       [38;2;192;202;245mnew issue[0m                                                                         [38;2;187;154;247m│[0m[2m[0m
[2m[0m                                                     [38;2;187;154;247m│[0m [1;38;2;187;154;247mctrl+s[0m  [38;2;192;202;245msave draft[0m                                                                        [38;2;187;154;247m│[0m[2m[0m
[2m[0m                                                     [38;2;187;154;247m│[0m [1;38;2;187;154;247mb[0m       [38;2;192;202;245mbacklog[0m                                                                           [38;2;187;154;247m│[0m[2m[0m
[2m[0m                                                     [38;2;187;154;247m│[0m [1;38;2;187;154;247ml[0m       [38;2;192;202;245mlaunch draft (in backlog)[0m                                                         [38;2;187;154;247m│[0m[2m[0m
[2m[0m                                                     [38;2;187;154;247m│[0m [1;38;2;187;154;247mc[0m       [38;2;192;202;245mretire shipped lane[0m                                                               [38;2;187;154;247m│[0m[2m[0m
[2m[0m                                                     [38;2;187;154;247m│[0m [1;38;2;187;154;247mu[0m       [38;2;192;202;245mshipped shelf[0m                                                                     [38;2;187;154;247m│[0m[2m[0m
[2m[0m                                                     [38;2;187;154;247m│[0m                                                                                           [38;2;187;154;247m│[0m[2m[0m
[2m[0m                                                     [38;2;187;154;247m│[0m [1;38;2;121;162;247mSTATES[0m                                                                                    [38;2;187;154;247m│[0m[2m[0m
[2m[0m                                                     [38;2;187;154;247m│[0m [38;2;158;206;105m●[0m[38;2;192;202;245m done[0m[38;2;86;95;137m  ·  [0m[38;2;224;175;104m◔[0m[38;2;192;202;245m need-you[0m[38;2;86;95;137m  ·  [0m[38;2;121;162;247m◐[0m[38;2;192;202;245m working[0m[38;2;86;95;137m  ·  [0m[38;2;59;65;97m○[0m[38;2;192;202;245m waiting[0m[38;2;86;95;137m  ·  [0m[38;2;247;118;142m✕[0m[38;2;192;202;245m failed[0m[38;2;86;95;137m  ·  [0m[38;2;158;206;105m⇡[0m[38;2;192;202;245m shipped[0m[38;2;86;95;137m  ·  [0m[38;2;86;95;137m⏸[0m[38;2;192;202;245m parked[0m [38;2;187;154;247m│[0m[2m[0m
[2m[0m                                                     [38;2;187;154;247m│[0m [38;2;59;65;97m────────────────────────────────────────────────────────────────────[0m                      [38;2;187;154;247m│[0m[2m[0m
[2m[0m                                                     [38;2;187;154;247m│[0m [48;2;40;46;65m [0m[38;2;227;236;255;48;2;40;46;65m? / esc[0m[48;2;40;46;65m [0m[38;2;86;95;137m close  [0m[48;2;40;46;65m [0m[38;2;227;236;255;48;2;40;46;65mq / ctrl+c[0m[48;2;40;46;65m [0m[38;2;86;95;137m quit[0m                                                        [38;2;187;154;247m│[0m[2m[0m
[2m[0m                                                     [38;2;187;154;247m└───────────────────────────────────────────────────────────────────────────────────────────┘[0m[2m[0m
[2m[0m
[2m[0m
[2m[0m
[2m[0m
[2m[0m
[2m[0m
[2m[0m
[2m[0m
[2m[0m