[2m● 1 build failing, 1 question for you — 2 building, 1 shipped today, 412k tokens, ~$6.18[0m
[2m                                                                                                    [0m
[2mshipping order: — · builders 1/4 busy · ideas 0 · questions 1     FOCUS                            [0m
[2mMAP · quiet · a full map                                                                           [0m
[2m             ▸CA            GH            FX                      DECISION QUEUE                   [0m
[2m             create a      issue         flaky e2e                ▶ [1] CA brainstorm — Should cre…[0m
[2m             repo for      importer —    fix —                                                     [0m
[2m             ca-repo       gh-importer   fx-e2e                                                    [0m
[2mBRAINSTORM   NEED-YOU ◔    ✓             ✓                                                         [0m
[2mSPEC         ·             ✓             ✓                                                         [0m
[2mPLAN         ·             ✓             ✓                                                         [0m
[2mEXECUTE      ·             ◌             FAILED ✗                                                  [0m
[2mREVIEW       ·             ·             ·                                                         [0m
[2mMERGE        ·             ·             ·                                                         [0m
[2m◌ working · ✓ done ·[0m[38;2;187;154;247m┌─────────────────────────────────────────────────────────┐[0m[2m                    [0m
[2m[0m                    [38;2;187;154;247m│[0m [1;38;2;227;236;255mlevers[0m[38;2;86;95;137m per-stage autonomy[0m                   [1;38;2;22;22;30;48;2;187;154;247m esc close [0m [38;2;187;154;247m│[0m[2m[0m
[2mSHIPPED today[0m       [38;2;187;154;247m│[0m                                                         [38;2;187;154;247m│[0m[2m[0m
[2m▓ ML retry budget fo[0m[38;2;187;154;247m│[0m LEVERS · j/k row · h/l value · enter apply · esc cancel [38;2;187;154;247m│[0m[2m[0m
[2m[0m                    [38;2;187;154;247m│[0m ▸ brainstorm   regular                                  [38;2;187;154;247m│[0m[2m[0m
[2mPARKED[0m              [38;2;187;154;247m│[0m   spec         regular                                  [38;2;187;154;247m│[0m[2m[0m
[2m▓ FX dark-mode audit[0m[38;2;187;154;247m│[0m   plan         regular                                  [38;2;187;154;247m│[0m[2m[0m
[2m[0m                    [38;2;187;154;247m│[0m   execute      regular                                  [38;2;187;154;247m│[0m[2m[0m
[2mj/k floors · tab att[0m[38;2;187;154;247m│[0m   review       strict                                   [38;2;187;154;247m│[0m[2m quit[0m
[2m[0m                    [38;2;187;154;247m│[0m   merge        regular                                  [38;2;187;154;247m│[0m[2m[0m
[2m[0m                    [38;2;187;154;247m└─────────────────────────────────────────────────────────┘[0m[2m[0m
[2m[0m
[2m[0m
[2m[0m
[2m[0m
[2m[0m
[2m[0m
[2m[0m
[2m[0m
[2m[0m
[2m[0m
[2m[0m
[2m[0m
[2m[0m
[2m[0m
[2m[0m