[2m  ● 1 question for you  ● 1 build failing      2 building · 1 shipped today · 412k tokens · ~$6.18  [0m
[2m⏸ FX parked at spec — p resumes[0m
[2mshipping order: — · builders 1/4 busy · ideas 0 · questions 1     ┌───────────────────────────────┐[0m
[2mMAP · quiet · a full map                                          │  FOCUS                        │[0m
[2m              ▸CA            GH            FX            ‹1›      │                               │[0m
[2m              create a      issue         flaky e2e      ‹1›      │ DECISION QUEUE                │[0m
[2m              repo for      importer —    fix —          ‹1›      │ ▶ [1] CA brainstorm — Should… │[0m
[2m              ca[0m[38;2;187;154;247m┌──────────────────────────────────────────────────────────────────┐[0m[2m──────────────┘[0m
[2m BRAINSTORM   ◔ [0m[38;2;187;154;247m│[0m [1;38;2;227;236;255;48;2;31;35;52m new issue[0m[48;2;31;35;52m                                          [0m[1;38;2;22;22;30;48;2;187;154;247m esc cancel [0m [38;2;187;154;247m│[0m[2m               [0m
[2m SPEC         ○ [0m[38;2;187;154;247m│[0m                                                                  [38;2;187;154;247m│[0m[2m               [0m
[2m PLAN         ○ [0m[38;2;187;154;247m│[0m [38;2;86;95;137mTITLE *[0m                                                          [38;2;187;154;247m│[0m[2m               [0m
[2m EXECUTE      ○ [0m[38;2;187;154;247m│[0m [38;2;187;154;247m╭────────────────────────────────────────────╮[0m                   [38;2;187;154;247m│[0m[2m               [0m
[2m REVIEW       ○ [0m[38;2;187;154;247m│[0m [38;2;187;154;247m│[0m [38;2;227;236;255mWire importer smoke test into CI[0m[38;2;187;154;247m▏[0m          [38;2;187;154;247m│[0m                   [38;2;187;154;247m│[0m[2m               [0m
[2m MERGE        ○ [0m[38;2;187;154;247m│[0m [38;2;187;154;247m╰────────────────────────────────────────────╯[0m                   [38;2;187;154;247m│[0m[2m               [0m
[2m[0m                [38;2;187;154;247m│[0m [38;2;86;95;137mBODY[0m                                                             [38;2;187;154;247m│[0m[2m[0m
[2mSHIPPED today[0m   [38;2;187;154;247m│[0m [38;2;59;65;97m╭────────────────────────────────────────────╮[0m                   [38;2;187;154;247m│[0m[2m[0m
[2m⇡ ▓ ML retry bud[0m[38;2;187;154;247m│[0m [38;2;59;65;97m│[0m [38;2;59;65;97m…[0m                                          [38;2;59;65;97m│[0m                   [38;2;187;154;247m│[0m[2m[0m
[2m[0m                [38;2;187;154;247m│[0m [38;2;59;65;97m╰────────────────────────────────────────────╯[0m                   [38;2;187;154;247m│[0m[2m[0m
[2mPARKED[0m          [38;2;187;154;247m│[0m [38;2;86;95;137mFLOW[0m                                                             [38;2;187;154;247m│[0m[2m[0m
[2m⏸ ▓ FX dark-mode[0m[38;2;187;154;247m│[0m [38;2;59;65;97m╭────────────────────────────────────────────╮[0m                   [38;2;187;154;247m│[0m[2m[0m
[2m[0m                [38;2;187;154;247m│[0m [38;2;59;65;97m│[0m [38;2;192;202;245mdefault[0m                                    [38;2;59;65;97m│[0m                   [38;2;187;154;247m│[0m[2m[0m
[2m   j/k  floors  [0m[38;2;187;154;247m│[0m [38;2;59;65;97m╰────────────────────────────────────────────╯[0m                   [38;2;187;154;247m│[0m[2mevers   ?  help [0m
[2m[0m                [38;2;187;154;247m│[0m [38;2;86;95;137mPRESET[0m                                                           [38;2;187;154;247m│[0m[2m[0m
[2m[0m                [38;2;187;154;247m│[0m [38;2;59;65;97m╭────────────────────────────────────────────╮[0m                   [38;2;187;154;247m│[0m[2m[0m
[2m[0m                [38;2;187;154;247m│[0m [38;2;59;65;97m│[0m [38;2;192;202;245mregular[0m                                    [38;2;59;65;97m│[0m                   [38;2;187;154;247m│[0m[2m[0m
[2m[0m                [38;2;187;154;247m│[0m [38;2;59;65;97m╰────────────────────────────────────────────╯[0m                   [38;2;187;154;247m│[0m[2m[0m
[2m[0m                [38;2;187;154;247m│[0m [38;2;86;95;137mPRIORITY[0m                                                         [38;2;187;154;247m│[0m[2m[0m
[2m[0m                [38;2;187;154;247m│[0m [38;2;59;65;97m╭────────────────────────────────────────────╮[0m                   [38;2;187;154;247m│[0m[2m[0m
[2m[0m                [38;2;187;154;247m│[0m [38;2;59;65;97m│[0m [38;2;121;162;247mnormal[0m                                     [38;2;59;65;97m│[0m                   [38;2;187;154;247m│[0m[2m[0m
[2m[0m                [38;2;187;154;247m│[0m [38;2;59;65;97m╰────────────────────────────────────────────╯[0m                   [38;2;187;154;247m│[0m[2m[0m
[2m[0m                [38;2;187;154;247m│[0m                                                                  [38;2;187;154;247m│[0m[2m[0m
[2m[0m                [38;2;187;154;247m│[0m [48;2;40;46;65m [0m[38;2;227;236;255;48;2;40;46;65mtab[0m[48;2;40;46;65m [0m[38;2;86;95;137m next field  [0m[48;2;40;46;65m [0m[38;2;227;236;255;48;2;40;46;65mh/l[0m[48;2;40;46;65m [0m[38;2;86;95;137m adjust  [0m[48;2;40;46;65m [0m[38;2;227;236;255;48;2;40;46;65menter[0m[48;2;40;46;65m [0m[38;2;86;95;137m create  [0m[48;2;40;46;65m [0m[38;2;227;236;255;48;2;40;46;65mctrl+s[0m[48;2;40;46;65m [0m[38;2;86;95;137m backlog[0m [38;2;187;154;247m│[0m[2m[0m
[2m[0m                [38;2;187;154;247m└──────────────────────────────────────────────────────────────────┘[0m[2m[0m
[2m[0m
[2m[0m
[2m[0m
[2m[0m
[2m[0m
[2m[0m
[2m[0m