[2m  ● 1 question for you  ● 1 build failing                                                                                                          2 building · 1 shipped today · 412k tokens · ~$6.18  [0m
[2m⏸ FX parked at spec — p resumes[0m
[2m[0m
[2m[0m
[2m[0m
[2m[0m
[2m[0m
[2m[0m
[2m[0m                                                                  [38;2;187;154;247m┌──────────────────────────────────────────────────────────────────┐[0m[2m[0m
[2m[0m                                                                  [38;2;187;154;247m│[0m [1;38;2;227;236;255;48;2;31;35;52m new issue[0m[48;2;31;35;52m                                          [0m[1;38;2;22;22;30;48;2;187;154;247m esc cancel [0m [38;2;187;154;247m│[0m[2m[0m
[2m[0m                                                                  [38;2;187;154;247m│[0m                                                                  [38;2;187;154;247m│[0m[2m[0m
[2m[0m                                                                  [38;2;187;154;247m│[0m [38;2;86;95;137mTITLE *[0m                                                          [38;2;187;154;247m│[0m[2m[0m
[2m[0m                                                                  [38;2;187;154;247m│[0m [38;2;187;154;247m╭────────────────────────────────────────────╮[0m                   [38;2;187;154;247m│[0m[2m[0m
[2m[0m                                                                  [38;2;187;154;247m│[0m [38;2;187;154;247m│[0m [38;2;227;236;255mWire importer smoke test into CI[0m[38;2;187;154;247m▏[0m          [38;2;187;154;247m│[0m                   [38;2;187;154;247m│[0m[2m[0m
[2m[0m                                                                  [38;2;187;154;247m│[0m [38;2;187;154;247m╰────────────────────────────────────────────╯[0m                   [38;2;187;154;247m│[0m[2m[0m
[2mshipping order: — · builders 1/4 busy · ideas 0 · questions 1     [0m[38;2;187;154;247m│[0m [38;2;86;95;137mBODY[0m                                                             [38;2;187;154;247m│[0m[2m                         ┌──────────────────────────────────────┐[0m
[2mMAP · quiet · a full map                                          [0m[38;2;187;154;247m│[0m [38;2;59;65;97m╭────────────────────────────────────────────╮[0m                   [38;2;187;154;247m│[0m[2m                         │  FOCUS                               │[0m
[2m             ▸CA            GH            FX            FX        [0m[38;2;187;154;247m│[0m [38;2;59;65;97m│[0m [38;2;59;65;97m…[0m                                          [38;2;59;65;97m│[0m                   [38;2;187;154;247m│[0m[2m                         │                                      │[0m
[2m             create a      issue         flaky e2e     dark-mode  [0m[38;2;187;154;247m│[0m [38;2;59;65;97m╰────────────────────────────────────────────╯[0m                   [38;2;187;154;247m│[0m[2m                         │ DECISION QUEUE                       │[0m
[2m             repo for      importer —    fix —         audit      [0m[38;2;187;154;247m│[0m [38;2;86;95;137mFLOW[0m                                                             [38;2;187;154;247m│[0m[2m                         │ ▶ [1] CA brainstorm — Should creati… │[0m
[2m             ca-repo       gh-importer   fx-e2e        fx-dark    [0m[38;2;187;154;247m│[0m [38;2;59;65;97m╭────────────────────────────────────────────╮[0m                   [38;2;187;154;247m│[0m[2m                         └──────────────────────────────────────┘[0m
[2mBRAINSTORM   ◔ need-you    ●             ●             ●          [0m[38;2;187;154;247m│[0m [38;2;59;65;97m│[0m [38;2;192;202;245mdefault[0m                                    [38;2;59;65;97m│[0m                   [38;2;187;154;247m│[0m[2m                                                                 [0m
[2mSPEC         ○             ●             ●             ⏸ paused   [0m[38;2;187;154;247m│[0m [38;2;59;65;97m╰────────────────────────────────────────────╯[0m                   [38;2;187;154;247m│[0m[2m                                                                 [0m
[2mPLAN         ○             ●             ●             ○          [0m[38;2;187;154;247m│[0m [38;2;86;95;137mPRESET[0m                                                           [38;2;187;154;247m│[0m[2m                                                                 [0m
[2mEXECUTE      ○             ◐ working 96k ✕ failed      ○          [0m[38;2;187;154;247m│[0m [38;2;59;65;97m╭────────────────────────────────────────────╮[0m                   [38;2;187;154;247m│[0m[2m                                                                 [0m
[2mCORRECTNESS… ○             ○             ○             ○          [0m[38;2;187;154;247m│[0m [38;2;59;65;97m│[0m [38;2;192;202;245mregular[0m                                    [38;2;59;65;97m│[0m                   [38;2;187;154;247m│[0m[2m                                                                 [0m
[2mCLEAN-CODE-… ○             ○             ○             ○          [0m[38;2;187;154;247m│[0m [38;2;59;65;97m╰────────────────────────────────────────────╯[0m                   [38;2;187;154;247m│[0m[2m                                                                 [0m
[2mLIBRARIAN    ○             ○             ○             ○          [0m[38;2;187;154;247m│[0m [38;2;86;95;137mDEPENDS ON[0m                                                       [38;2;187;154;247m│[0m[2m                                                                 [0m
[2mMERGE-VERIF… ○             ○             ○             ○          [0m[38;2;187;154;247m│[0m [38;2;59;65;97m╭────────────────────────────────────────────╮[0m                   [38;2;187;154;247m│[0m[2m                                                                 [0m
[2m[0m                                                                  [38;2;187;154;247m│[0m [38;2;59;65;97m│[0m [38;2;59;65;97m…[0m                                          [38;2;59;65;97m│[0m                   [38;2;187;154;247m│[0m[2m[0m
[2mSHIPPED today[0m                                                     [38;2;187;154;247m│[0m [38;2;59;65;97m╰────────────────────────────────────────────╯[0m                   [38;2;187;154;247m│[0m[2m[0m
[2m⇡ ▓ ML retry budget for marshal[0m                                   [38;2;187;154;247m│[0m [38;2;86;95;137mATTACH[0m                                                           [38;2;187;154;247m│[0m[2m[0m
[2m[0m                                                                  [38;2;187;154;247m│[0m [38;2;59;65;97m╭────────────────────────────────────────────╮[0m                   [38;2;187;154;247m│[0m[2m[0m
[2mPARKED[0m                                                            [38;2;187;154;247m│[0m [38;2;59;65;97m│[0m [38;2;192;202;245m/Users/me/Desktop/failing-run.png[0m          [38;2;59;65;97m│[0m                   [38;2;187;154;247m│[0m[2m[0m
[2m⏸ ▓ FX dark-mode audit[0m                                            [38;2;187;154;247m│[0m [38;2;59;65;97m╰────────────────────────────────────────────╯[0m                   [38;2;187;154;247m│[0m[2m[0m
[2m[0m                                                                  [38;2;187;154;247m│[0m [38;2;86;95;137mPRIORITY[0m                                                         [38;2;187;154;247m│[0m[2m[0m
[2m[0m                                                                  [38;2;187;154;247m│[0m [38;2;59;65;97m╭────────────────────────────────────────────╮[0m                   [38;2;187;154;247m│[0m[2m[0m
[2m[0m                                                                  [38;2;187;154;247m│[0m [38;2;59;65;97m│[0m [38;2;121;162;247mnormal[0m                                     [38;2;59;65;97m│[0m                   [38;2;187;154;247m│[0m[2m[0m
[2m[0m                                                                  [38;2;187;154;247m│[0m [38;2;59;65;97m╰────────────────────────────────────────────╯[0m                   [38;2;187;154;247m│[0m[2m[0m
[2m[0m                                                                  [38;2;187;154;247m│[0m                                                                  [38;2;187;154;247m│[0m[2m[0m
[2m[0m                                                                  [38;2;187;154;247m│[0m [48;2;40;46;65m [0m[38;2;227;236;255;48;2;40;46;65mtab[0m[48;2;40;46;65m [0m[38;2;86;95;137m next field  [0m[48;2;40;46;65m [0m[38;2;227;236;255;48;2;40;46;65mh/l[0m[48;2;40;46;65m [0m[38;2;86;95;137m adjust  [0m[48;2;40;46;65m [0m[38;2;227;236;255;48;2;40;46;65menter[0m[48;2;40;46;65m [0m[38;2;86;95;137m create  [0m[48;2;40;46;65m [0m[38;2;227;236;255;48;2;40;46;65mctrl+s[0m[48;2;40;46;65m [0m[38;2;86;95;137m backlog[0m [38;2;187;154;247m│[0m[2m[0m
[2m[0m                                                                  [38;2;187;154;247m└──────────────────────────────────────────────────────────────────┘[0m[2m[0m
[2m[0m
[2m[0m
[2m[0m
[2m[0m
[2m[0m
[2m[0m
[2m[0m
[2m   j/k  floors   tab  next   p  pause/resume   x  kill   R  retry   T  stream   L  levers   ?  help   q  quit                                                                                           [0m