[38;2;224;108;117m●[0m 1 build failing, 1 question for you — 2 building, 1 shipped today, 412k tokens, ~$6.18
                                                                                                                                                                                                        
ROWS · z tower                                                                                                                                         FOCUS                                   
[38;2;187;154;247mCA create a repo for GH-1 · [0mbrainstorm:[38;2;242;193;78mNEED-YOU ◔[0m  spec:[2m·[0m  plan:[2m·[0m  execute:[2m·[0m  review:[2m·[0m  merge:[2m·[0m                                                                                                
[38;2;121;162;247mGH issue importer — GitHub → guildhall · [0mbrainstorm:[38;2;121;162;247m✓[0m  spec:[38;2;121;162;247m✓[0m  plan:[38;2;121;162;247m✓[0m  execute:[2m◌[0m  review:[2m·[0m  merge:[2m·[0m                                                    DECISION QUEUE                          
[38;2;125;207;255mFX flaky e2e fix — «unicode» plus a deliberately very long title to test truncation · [0mbrainstorm:[38;2;125;207;255m✓[0m  spec:[38;2;125;207;255m✓[0m  plan:[38;2;125;207;255m✓[0m  execute:[38;2;224;108;117mFAILED ✗[0m  review:[2m·[0m  merge:[2m·[0m▶ [1] CA brainstorm — Should creating t…

SHIPPED today
[38;2;158;206;105m▓ ML[0m retry budget for marshal ⇡

PARKED
[38;2;125;207;255m▓ FX[0m dark-mode audit ⏸

j/k floors · tab attention · p pause · x kill · R retry · L levers · ? help · q quit